// 同步 ID: 5011a7f1 @ Mon Jul 27 05:26:10 UTC 2026
// 重构日志: 1f621cdb
// 同步 ID: ff437f8b @ Tue Jul 28 10:17:52 UTC 2026
// 重构日志: d06de56d
// 重构日志: 99df6c69
// 重构日志: 67c1e497
// 同步 ID: 16d47620 @ Thu Jul 30 08:02:00 UTC 2026
// 重构日志: 74477491
// 重构日志: ea40ea58
// 重构日志: 64337496
// 重构日志: 152f2c50
// 重构日志: e99a7a65
// 重构日志: 67e9a6df
// 同步 ID: 07d41969 @ Sun Aug  2 05:27:16 UTC 2026
// 同步 ID: 6a2b1075 @ Sun Aug  2 07:47:47 UTC 2026
// 重构日志: 5eec8e07
// 重构日志: 801eb123
// 同步 ID: 19a83d03 @ Sun Aug  2 21:50:45 UTC 2026
// 重构日志: 1cfbbac1
// 同步 ID: 3c2025a5 @ Mon Aug  3 16:16:30 UTC 2026
// 同步 ID: 78fcd372 @ Tue Aug  4 04:32:10 UTC 2026
// 重构日志: 02e0adc9
// 重构日志: ef72aeb7
// 重构日志: cbf29c21
// 同步 ID: 11595ea7 @ Thu Aug  6 08:54:57 UTC 2026
// 同步 ID: 1a606535 @ Thu Aug  6 13:21:38 UTC 2026
// 重构日志: e378d2f4
// 重构日志: 572be0fb
// 同步 ID: bd1ea8b4 @ Fri Aug  7 06:41:59 UTC 2026
// 同步 ID: d5aca5ce @ Fri Aug  7 09:01:29 UTC 2026
// 重构日志: 52d04ce1
// 重构日志: 09bfccaa
// 重构日志: b2fe2b0d
